INJECTOR: Mutator requested 3 mutations.
INJECTOR: OUTPUT #0: BEGIN
INJECTOR: %P14ABCDAFGH1234567890
INJECTOR: %P24ABCDEFGH1234567890
INJECTOR: %P83ABCDEFGH1234567890
INJECTOR: OUTPUT #0: END
INJECTOR: OUTPUT #1: BEGIN
INJECTOR: %P14ABCDEFGH1234567890
INJECTOR: %P24ABCDABGH1234567890
INJECTOR: %P83ABCDEFGH1234567890
INJECTOR: OUTPUT #1: END
INJECTOR: OUTPUT #2: BEGIN
INJECTOR: %P14ABCDEFGH1234567890
INJECTOR: %P24ABCDEFGH1234567890
INJECTOR: %P83ABCABCDEFGH4567890
INJECTOR: OUTPUT #2: END
