INJECTOR: Mutator requested 4 mutations.
INJECTOR: OUTPUT #0: BEGIN
INJECTOR: %Section 2 %N01
INJECTOR: %Section 3 %N02
INJECTOR: %Section 4 %R00 %R01
INJECTOR: OUTPUT #0: END
INJECTOR: OUTPUT #1: BEGIN
INJECTOR: %Section 1 %N00
INJECTOR: %Section 3 %N02
INJECTOR: OUTPUT #1: END
INJECTOR: OUTPUT #2: BEGIN
INJECTOR: %Section 1 %N00
INJECTOR: %Section 2 %N01
INJECTOR: OUTPUT #2: END
INJECTOR: OUTPUT #3: BEGIN
INJECTOR: %Section 1 %N00
INJECTOR: %Section 2 %N01
INJECTOR: %Section 3 %N02
INJECTOR: OUTPUT #3: END
