INJECTOR: Mutator requested 3 mutations.
INJECTOR: OUTPUT #0: BEGIN
INJECTOR: Header
INJECTOR: %Section 2
INJECTOR: some other stuff
INJECTOR: %Section 3
INJECTOR: 111
INJECTOR: OUTPUT #0: END
INJECTOR: OUTPUT #1: BEGIN
INJECTOR: Header
INJECTOR: %Section 1
INJECTOR: some stuff
INJECTOR: %Section 3
INJECTOR: 111
INJECTOR: OUTPUT #1: END
INJECTOR: OUTPUT #2: BEGIN
INJECTOR: Header
INJECTOR: %Section 1
INJECTOR: some stuff
INJECTOR: %Section 2
INJECTOR: some other stuff
INJECTOR: OUTPUT #2: END
